2026-09-14 18:25:50 | INFO | P04 | === RUN START ===
2026-09-14 18:25:50 | INFO | P04 | project=P04 - EXPLORATORY DATA ANALYSIS
2026-09-14 18:25:50 | INFO | P04 | repo_dir=datafun-04-eda
2026-09-14 18:25:50 | INFO | P04 | python=3.14.7
2026-09-14 18:25:50 | INFO | P04 | os=Windows 11
2026-09-14 18:25:50 | INFO | P04 | shell=powershell
2026-09-14 18:25:50 | INFO | P04 | cwd=.
2026-09-14 18:25:50 | INFO | P04 | github_actions=False
2026-09-14 18:25:50 | INFO | P04 | ===================================
2026-09-14 18:25:50 | INFO | P04 | START main()
2026-09-14 18:25:50 | INFO | P04 | ===================================
2026-09-14 18:25:50 | INFO | P04 | -------------------------------
2026-09-14 18:25:50 | INFO | P04 | 01. LOAD the data.
2026-09-14 18:25:50 | INFO | P04 | -------------------------------
2026-09-14 18:25:50 | INFO | P04 | Loading Seaborn dataset: penguins
2026-09-14 18:25:50 | INFO | P04 | Loaded: 344 rows, 7 columns
2026-09-14 18:25:50 | INFO | P04 | -------------------------------
2026-09-14 18:25:50 | INFO | P04 | 02. INSPECT the data.
2026-09-14 18:25:50 | INFO | P04 | -------------------------------
2026-09-14 18:25:50 | DEBUG | P04 | 
DATA INSPECTION

Grain:
one observed penguin

Shape:
344 rows
7 columns

Columns:
['species', 'island', 'bill_length_mm', 'bill_depth_mm', 'flipper_length_mm', 'body_mass_g', 'sex']

2026-09-14 18:25:50 | INFO | P04 | 
DATA INSPECTION

Grain:
one observed penguin

Shape:
344 rows
7 columns

Columns:
['species', 'island', 'bill_length_mm', 'bill_depth_mm', 'flipper_length_mm', 'body_mass_g', 'sex']

2026-09-14 18:25:50 | INFO | P04 | -------------------------------
2026-09-14 18:25:50 | INFO | P04 | 03. CHECK data quality.
2026-09-14 18:25:50 | INFO | P04 | -------------------------------
2026-09-14 18:25:50 | DEBUG | P04 | 
              column    dtype  non_missing_count  missing_count  missing_pct  unique_count
0            species      str                344              0         0.00             3
1             island      str                344              0         0.00             3
2     bill_length_mm  float64                342              2         0.58           164
3      bill_depth_mm  float64                342              2         0.58            80
4  flipper_length_mm  float64                342              2         0.58            55
5        body_mass_g  float64                342              2         0.58            94
6                sex      str                333             11         3.20             2
2026-09-14 18:25:50 | INFO | P04 | 
              column    dtype  non_missing_count  missing_count  missing_pct  unique_count
0            species      str                344              0         0.00             3
1             island      str                344              0         0.00             3
2     bill_length_mm  float64                342              2         0.58           164
3      bill_depth_mm  float64                342              2         0.58            80
4  flipper_length_mm  float64                342              2         0.58            55
5        body_mass_g  float64                342              2         0.58            94
6                sex      str                333             11         3.20             2
2026-09-14 18:25:50 | DEBUG | P04 | 
sex                  11
bill_depth_mm         2
bill_length_mm        2
flipper_length_mm     2
body_mass_g           2
island                0
species               0
dtype: int64
2026-09-14 18:25:50 | INFO | P04 | 
Missing values:
sex                  11
bill_depth_mm         2
bill_length_mm        2
flipper_length_mm     2
body_mass_g           2
island                0
species               0
dtype: int64
2026-09-14 18:25:50 | INFO | P04 | Duplicate rows detected: 0
2026-09-14 18:25:50 | INFO | P04 | Duplicate rows: 0
2026-09-14 18:25:51 | INFO | P04 | -------------------------------
2026-09-14 18:25:51 | INFO | P04 | 04. DESCRIBE numeric variables.
2026-09-14 18:25:51 | INFO | P04 | -------------------------------
2026-09-14 18:25:51 | DEBUG | P04 | 
                   count         mean         std     min       25%      50%     75%     max
bill_length_mm     342.0    43.921930    5.459584    32.1    39.225    44.45    48.5    59.6
bill_depth_mm      342.0    17.151170    1.974793    13.1    15.600    17.30    18.7    21.5
flipper_length_mm  342.0   200.915205   14.061714   172.0   190.000   197.00   213.0   231.0
body_mass_g        342.0  4201.754386  801.954536  2700.0  3550.000  4050.00  4750.0  6300.0
2026-09-14 18:25:51 | INFO | P04 | 
                   count         mean         std     min       25%      50%     75%     max
bill_length_mm     342.0    43.921930    5.459584    32.1    39.225    44.45    48.5    59.6
bill_depth_mm      342.0    17.151170    1.974793    13.1    15.600    17.30    18.7    21.5
flipper_length_mm  342.0   200.915205   14.061714   172.0   190.000   197.00   213.0   231.0
body_mass_g        342.0  4201.754386  801.954536  2700.0  3550.000  4050.00  4750.0  6300.0
2026-09-14 18:25:51 | INFO | P04 | -------------------------------
2026-09-14 18:25:51 | INFO | P04 | 05. VISUALIZE distributions.
2026-09-14 18:25:51 | INFO | P04 | -------------------------------
2026-09-14 18:25:51 | INFO | P04 | -------------------------------
2026-09-14 18:25:51 | INFO | P04 | 06. EXPLORE relationships (e.g., between 2 numeric variables).
2026-09-14 18:25:51 | INFO | P04 | -------------------------------
2026-09-14 18:25:51 | INFO | P04 | Correlation between flipper_length_mm and body_mass_g: 0.871
2026-09-14 18:25:51 | INFO | P04 | Correlation between flipper_length_mm and body_mass_g: 0.871
2026-09-14 18:25:51 | INFO | P04 | -------------------------------
2026-09-14 18:25:51 | INFO | P04 | 07. SUMMARIZE what you found.
2026-09-14 18:25:51 | INFO | P04 | -------------------------------
2026-09-14 18:25:51 | INFO | P04 | CUSTOM OBSERVATIONS:
    The dataset contains penguin measurements.
    Some observations (rows) are complete, but some are missing values.

    I reviewed the relationship between:
    Flipper length vs. body mass
    and it shows a positive relationship.

    Based on this EDA, I would next like to review additional
    relationships between other numeric variables.
    Marimo (reactive notebook cells) might be a good choice
    for additional exploration.
    
2026-09-14 18:25:51 | INFO | P04 | -------------------------------
2026-09-14 18:25:51 | INFO | P04 | 08. DISPLAY the charts.
2026-09-14 18:25:51 | INFO | P04 | -------------------------------
2026-09-14 18:25:51 | INFO | P04 | In a script, call plt.show() at the end to display all charts.
2026-09-14 18:25:51 | INFO | P04 | Close all chart windows (with the close button) to continue.
2026-09-14 18:26:12 | INFO | P04 | ===================================
2026-09-14 18:26:12 | INFO | P04 | END main() - Executed successfully!
2026-09-14 18:26:12 | INFO | P04 | ===================================
2026-09-14 18:37:04 | INFO | P04 | === RUN START ===
2026-09-14 18:37:04 | INFO | P04 | project=P04 - EXPLORATORY DATA ANALYSIS
2026-09-14 18:37:04 | INFO | P04 | repo_dir=datafun-04-eda
2026-09-14 18:37:04 | INFO | P04 | python=3.14.7
2026-09-14 18:37:04 | INFO | P04 | os=Windows 11
2026-09-14 18:37:04 | INFO | P04 | shell=powershell
2026-09-14 18:37:04 | INFO | P04 | cwd=.
2026-09-14 18:37:04 | INFO | P04 | github_actions=False
2026-09-14 18:37:04 | INFO | P04 | ===================================
2026-09-14 18:37:04 | INFO | P04 | START main()
2026-09-14 18:37:04 | INFO | P04 | ===================================
2026-09-14 18:37:04 | INFO | P04 | -------------------------------
2026-09-14 18:37:04 | INFO | P04 | 01. LOAD the data.
2026-09-14 18:37:04 | INFO | P04 | -------------------------------
2026-09-14 18:37:04 | INFO | P04 | Loading Seaborn dataset: penguins
2026-09-14 18:37:04 | INFO | P04 | Loaded: 344 rows, 7 columns
2026-09-14 18:37:04 | INFO | P04 | -------------------------------
2026-09-14 18:37:04 | INFO | P04 | 02. INSPECT the data.
2026-09-14 18:37:04 | INFO | P04 | -------------------------------
2026-09-14 18:37:04 | DEBUG | P04 | 
DATA INSPECTION

Grain:
one observed penguin

Shape:
344 rows
7 columns

Columns:
['species', 'island', 'bill_length_mm', 'bill_depth_mm', 'flipper_length_mm', 'body_mass_g', 'sex']

2026-09-14 18:37:04 | INFO | P04 | 
DATA INSPECTION

Grain:
one observed penguin

Shape:
344 rows
7 columns

Columns:
['species', 'island', 'bill_length_mm', 'bill_depth_mm', 'flipper_length_mm', 'body_mass_g', 'sex']

2026-09-14 18:37:04 | INFO | P04 | -------------------------------
2026-09-14 18:37:04 | INFO | P04 | 03. CHECK data quality.
2026-09-14 18:37:04 | INFO | P04 | -------------------------------
2026-09-14 18:37:04 | DEBUG | P04 | 
              column    dtype  non_missing_count  missing_count  missing_pct  unique_count
0            species      str                344              0         0.00             3
1             island      str                344              0         0.00             3
2     bill_length_mm  float64                342              2         0.58           164
3      bill_depth_mm  float64                342              2         0.58            80
4  flipper_length_mm  float64                342              2         0.58            55
5        body_mass_g  float64                342              2         0.58            94
6                sex      str                333             11         3.20             2
2026-09-14 18:37:04 | INFO | P04 | 
              column    dtype  non_missing_count  missing_count  missing_pct  unique_count
0            species      str                344              0         0.00             3
1             island      str                344              0         0.00             3
2     bill_length_mm  float64                342              2         0.58           164
3      bill_depth_mm  float64                342              2         0.58            80
4  flipper_length_mm  float64                342              2         0.58            55
5        body_mass_g  float64                342              2         0.58            94
6                sex      str                333             11         3.20             2
2026-09-14 18:37:04 | DEBUG | P04 | 
sex                  11
bill_depth_mm         2
bill_length_mm        2
flipper_length_mm     2
body_mass_g           2
island                0
species               0
dtype: int64
2026-09-14 18:37:04 | INFO | P04 | 
Missing values:
sex                  11
bill_depth_mm         2
bill_length_mm        2
flipper_length_mm     2
body_mass_g           2
island                0
species               0
dtype: int64
2026-09-14 18:37:04 | INFO | P04 | Duplicate rows detected: 0
2026-09-14 18:37:04 | INFO | P04 | Duplicate rows: 0
2026-09-14 18:37:04 | INFO | P04 | -------------------------------
2026-09-14 18:37:04 | INFO | P04 | 04. DESCRIBE numeric variables.
2026-09-14 18:37:04 | INFO | P04 | -------------------------------
2026-09-14 18:37:04 | DEBUG | P04 | 
                   count         mean         std     min       25%      50%     75%     max
bill_length_mm     342.0    43.921930    5.459584    32.1    39.225    44.45    48.5    59.6
bill_depth_mm      342.0    17.151170    1.974793    13.1    15.600    17.30    18.7    21.5
flipper_length_mm  342.0   200.915205   14.061714   172.0   190.000   197.00   213.0   231.0
body_mass_g        342.0  4201.754386  801.954536  2700.0  3550.000  4050.00  4750.0  6300.0
2026-09-14 18:37:04 | INFO | P04 | 
                   count         mean         std     min       25%      50%     75%     max
bill_length_mm     342.0    43.921930    5.459584    32.1    39.225    44.45    48.5    59.6
bill_depth_mm      342.0    17.151170    1.974793    13.1    15.600    17.30    18.7    21.5
flipper_length_mm  342.0   200.915205   14.061714   172.0   190.000   197.00   213.0   231.0
body_mass_g        342.0  4201.754386  801.954536  2700.0  3550.000  4050.00  4750.0  6300.0
2026-09-14 18:37:04 | INFO | P04 | -------------------------------
2026-09-14 18:37:04 | INFO | P04 | 05. VISUALIZE distributions.
2026-09-14 18:37:04 | INFO | P04 | -------------------------------
2026-09-14 18:37:05 | INFO | P04 | -------------------------------
2026-09-14 18:37:05 | INFO | P04 | 06. EXPLORE relationships (e.g., between 2 numeric variables).
2026-09-14 18:37:05 | INFO | P04 | -------------------------------
2026-09-14 18:37:05 | INFO | P04 | Correlation between flipper_length_mm and body_mass_g: 0.871
2026-09-14 18:37:05 | INFO | P04 | Correlation between flipper_length_mm and body_mass_g: 0.871
2026-09-14 18:37:05 | INFO | P04 | -------------------------------
2026-09-14 18:37:05 | INFO | P04 | 07. SUMMARIZE what you found.
2026-09-14 18:37:05 | INFO | P04 | -------------------------------
2026-09-14 18:37:05 | INFO | P04 | CUSTOM OBSERVATIONS:
    The dataset contains penguin measurements.
    Some observations (rows) are complete, but some are missing values.

    I reviewed the relationship between:
    Flipper length vs. body mass
    and it shows a positive relationship.

    Based on this EDA, I would next like to review additional
    relationships between other numeric variables.
    Marimo (reactive notebook cells) might be a good choice
    for additional exploration.
    
2026-09-14 18:37:05 | INFO | P04 | -------------------------------
2026-09-14 18:37:05 | INFO | P04 | 08. DISPLAY the charts.
2026-09-14 18:37:05 | INFO | P04 | -------------------------------
2026-09-14 18:37:05 | INFO | P04 | In a script, call plt.show() at the end to display all charts.
2026-09-14 18:37:05 | INFO | P04 | Close all chart windows (with the close button) to continue.
2026-09-14 19:34:54 | INFO | P04 | ===================================
2026-09-14 19:34:54 | INFO | P04 | END main() - Executed successfully!
2026-09-14 19:34:54 | INFO | P04 | ===================================
2026-09-15 18:06:26 | INFO | P04 | === RUN START ===
2026-09-15 18:06:26 | INFO | P04 | project=P04 - EXPLORATORY DATA ANALYSIS
2026-09-15 18:06:26 | INFO | P04 | repo_dir=datafun-04-eda
2026-09-15 18:06:26 | INFO | P04 | python=3.14.7
2026-09-15 18:06:26 | INFO | P04 | os=Windows 11
2026-09-15 18:06:26 | INFO | P04 | shell=powershell
2026-09-15 18:06:26 | INFO | P04 | cwd=.
2026-09-15 18:06:26 | INFO | P04 | github_actions=False
2026-09-15 18:06:26 | INFO | P04 | ===================================
2026-09-15 18:06:26 | INFO | P04 | START main()
2026-09-15 18:06:26 | INFO | P04 | ===================================
2026-09-15 18:06:26 | INFO | P04 | -------------------------------
2026-09-15 18:06:26 | INFO | P04 | 01. LOAD the data.
2026-09-15 18:06:26 | INFO | P04 | -------------------------------
2026-09-15 18:06:26 | INFO | P04 | Loading Seaborn dataset: penguins
2026-09-15 18:06:26 | INFO | P04 | Loaded: 344 rows, 7 columns
2026-09-15 18:06:26 | INFO | P04 | -------------------------------
2026-09-15 18:06:26 | INFO | P04 | 02. INSPECT the data.
2026-09-15 18:06:26 | INFO | P04 | -------------------------------
2026-09-15 18:06:26 | DEBUG | P04 | 
DATA INSPECTION

Grain:
one observed penguin

Shape:
344 rows
7 columns

Columns:
['species', 'island', 'bill_length_mm', 'bill_depth_mm', 'flipper_length_mm', 'body_mass_g', 'sex']

2026-09-15 18:06:26 | INFO | P04 | 
DATA INSPECTION

Grain:
one observed penguin

Shape:
344 rows
7 columns

Columns:
['species', 'island', 'bill_length_mm', 'bill_depth_mm', 'flipper_length_mm', 'body_mass_g', 'sex']

2026-09-15 18:06:26 | INFO | P04 | -------------------------------
2026-09-15 18:06:26 | INFO | P04 | 03. CHECK data quality.
2026-09-15 18:06:26 | INFO | P04 | -------------------------------
2026-09-15 18:06:26 | DEBUG | P04 | 
              column    dtype  ...  missing_pct  unique_count
0            species      str  ...         0.00             3
1             island      str  ...         0.00             3
2     bill_length_mm  float64  ...         0.58           164
3      bill_depth_mm  float64  ...         0.58            80
4  flipper_length_mm  float64  ...         0.58            55
5        body_mass_g  float64  ...         0.58            94
6                sex      str  ...         3.20             2

[7 rows x 6 columns]
2026-09-15 18:06:26 | INFO | P04 | 
              column    dtype  ...  missing_pct  unique_count
0            species      str  ...         0.00             3
1             island      str  ...         0.00             3
2     bill_length_mm  float64  ...         0.58           164
3      bill_depth_mm  float64  ...         0.58            80
4  flipper_length_mm  float64  ...         0.58            55
5        body_mass_g  float64  ...         0.58            94
6                sex      str  ...         3.20             2

[7 rows x 6 columns]
2026-09-15 18:06:26 | DEBUG | P04 | 
sex                  11
bill_depth_mm         2
bill_length_mm        2
flipper_length_mm     2
body_mass_g           2
island                0
species               0
dtype: int64
2026-09-15 18:06:26 | INFO | P04 | 
Missing values:
sex                  11
bill_depth_mm         2
bill_length_mm        2
flipper_length_mm     2
body_mass_g           2
island                0
species               0
dtype: int64
2026-09-15 18:06:26 | INFO | P04 | Duplicate rows detected: 0
2026-09-15 18:06:26 | INFO | P04 | Duplicate rows: 0
2026-09-15 18:06:26 | INFO | P04 | -------------------------------
2026-09-15 18:06:26 | INFO | P04 | 04. DESCRIBE numeric variables.
2026-09-15 18:06:26 | INFO | P04 | -------------------------------
2026-09-15 18:06:26 | DEBUG | P04 | 
                   count         mean         std  ...      50%     75%     max
bill_length_mm     342.0    43.921930    5.459584  ...    44.45    48.5    59.6
bill_depth_mm      342.0    17.151170    1.974793  ...    17.30    18.7    21.5
flipper_length_mm  342.0   200.915205   14.061714  ...   197.00   213.0   231.0
body_mass_g        342.0  4201.754386  801.954536  ...  4050.00  4750.0  6300.0

[4 rows x 8 columns]
2026-09-15 18:06:26 | INFO | P04 | 
                   count         mean         std  ...      50%     75%     max
bill_length_mm     342.0    43.921930    5.459584  ...    44.45    48.5    59.6
bill_depth_mm      342.0    17.151170    1.974793  ...    17.30    18.7    21.5
flipper_length_mm  342.0   200.915205   14.061714  ...   197.00   213.0   231.0
body_mass_g        342.0  4201.754386  801.954536  ...  4050.00  4750.0  6300.0

[4 rows x 8 columns]
2026-09-15 18:06:26 | INFO | P04 | -------------------------------
2026-09-15 18:06:26 | INFO | P04 | 05. VISUALIZE distributions.
2026-09-15 18:06:26 | INFO | P04 | -------------------------------
2026-09-15 18:06:27 | INFO | P04 | -------------------------------
2026-09-15 18:06:27 | INFO | P04 | 06. EXPLORE relationships (e.g., between 2 numeric variables).
2026-09-15 18:06:27 | INFO | P04 | -------------------------------
2026-09-15 18:06:27 | INFO | P04 | Correlation between flipper_length_mm and body_mass_g: 0.871
2026-09-15 18:06:27 | INFO | P04 | Correlation between flipper_length_mm and body_mass_g: 0.871
2026-09-15 18:06:27 | INFO | P04 | -------------------------------
2026-09-15 18:06:27 | INFO | P04 | 07. SUMMARIZE what you found.
2026-09-15 18:06:27 | INFO | P04 | -------------------------------
2026-09-15 18:06:27 | INFO | P04 | CUSTOM OBSERVATIONS:
    The dataset contains penguin measurements.
    Some observations (rows) are complete, but some are missing values.

    I reviewed the relationship between:
    Flipper length vs. body mass
    and it shows a positive relationship.

    Based on this EDA, I would next like to review additional
    relationships between other numeric variables.
    Marimo (reactive notebook cells) might be a good choice
    for additional exploration.
    
2026-09-15 18:06:27 | INFO | P04 | -------------------------------
2026-09-15 18:06:27 | INFO | P04 | 08. DISPLAY the charts.
2026-09-15 18:06:27 | INFO | P04 | -------------------------------
2026-09-15 18:06:27 | INFO | P04 | In a script, call plt.show() at the end to display all charts.
2026-09-15 18:06:27 | INFO | P04 | Close all chart windows (with the close button) to continue.
2026-09-15 18:06:27 | INFO | P04 | ===================================
2026-09-15 18:06:27 | INFO | P04 | END main() - Executed successfully!
2026-09-15 18:06:27 | INFO | P04 | ===================================
2026-09-15 19:59:13 | INFO | P04 | === RUN START ===
2026-09-15 19:59:13 | INFO | P04 | project=P04 - EXPLORATORY DATA ANALYSIS
2026-09-15 19:59:13 | INFO | P04 | repo_dir=datafun-04-eda
2026-09-15 19:59:13 | INFO | P04 | python=3.14.7
2026-09-15 19:59:13 | INFO | P04 | os=Windows 11
2026-09-15 19:59:13 | INFO | P04 | shell=powershell
2026-09-15 19:59:13 | INFO | P04 | cwd=.
2026-09-15 19:59:13 | INFO | P04 | github_actions=False
2026-09-15 19:59:13 | INFO | P04 | ===================================
2026-09-15 19:59:13 | INFO | P04 | START main()
2026-09-15 19:59:13 | INFO | P04 | ===================================
2026-09-15 19:59:13 | INFO | P04 | -------------------------------
2026-09-15 19:59:13 | INFO | P04 | 01. LOAD the data.
2026-09-15 19:59:13 | INFO | P04 | -------------------------------
2026-09-15 19:59:13 | INFO | P04 | Loading Seaborn dataset: penguins
2026-09-15 19:59:13 | INFO | P04 | Loaded: 344 rows, 7 columns
2026-09-15 19:59:13 | INFO | P04 | -------------------------------
2026-09-15 19:59:13 | INFO | P04 | 02. INSPECT the data.
2026-09-15 19:59:13 | INFO | P04 | -------------------------------
2026-09-15 19:59:13 | DEBUG | P04 | 
DATA INSPECTION

Grain:
one observed penguin

Shape:
344 rows
7 columns

Columns:
['species', 'island', 'bill_length_mm', 'bill_depth_mm', 'flipper_length_mm', 'body_mass_g', 'sex']

2026-09-15 19:59:13 | INFO | P04 | 
DATA INSPECTION

Grain:
one observed penguin

Shape:
344 rows
7 columns

Columns:
['species', 'island', 'bill_length_mm', 'bill_depth_mm', 'flipper_length_mm', 'body_mass_g', 'sex']

2026-09-15 19:59:13 | INFO | P04 | -------------------------------
2026-09-15 19:59:13 | INFO | P04 | 03. CHECK data quality.
2026-09-15 19:59:13 | INFO | P04 | -------------------------------
2026-09-15 19:59:13 | DEBUG | P04 | 
              column    dtype  ...  missing_pct  unique_count
0            species      str  ...         0.00             3
1             island      str  ...         0.00             3
2     bill_length_mm  float64  ...         0.58           164
3      bill_depth_mm  float64  ...         0.58            80
4  flipper_length_mm  float64  ...         0.58            55
5        body_mass_g  float64  ...         0.58            94
6                sex      str  ...         3.20             2

[7 rows x 6 columns]
2026-09-15 19:59:13 | INFO | P04 | 
              column    dtype  ...  missing_pct  unique_count
0            species      str  ...         0.00             3
1             island      str  ...         0.00             3
2     bill_length_mm  float64  ...         0.58           164
3      bill_depth_mm  float64  ...         0.58            80
4  flipper_length_mm  float64  ...         0.58            55
5        body_mass_g  float64  ...         0.58            94
6                sex      str  ...         3.20             2

[7 rows x 6 columns]
2026-09-15 19:59:13 | DEBUG | P04 | 
sex                  11
bill_depth_mm         2
bill_length_mm        2
flipper_length_mm     2
body_mass_g           2
island                0
species               0
dtype: int64
2026-09-15 19:59:13 | INFO | P04 | 
Missing values:
sex                  11
bill_depth_mm         2
bill_length_mm        2
flipper_length_mm     2
body_mass_g           2
island                0
species               0
dtype: int64
2026-09-15 19:59:13 | INFO | P04 | Duplicate rows detected: 0
2026-09-15 19:59:13 | INFO | P04 | Duplicate rows: 0
2026-09-15 19:59:13 | INFO | P04 | -------------------------------
2026-09-15 19:59:13 | INFO | P04 | 04. DESCRIBE numeric variables.
2026-09-15 19:59:13 | INFO | P04 | -------------------------------
2026-09-15 19:59:13 | DEBUG | P04 | 
                   count         mean         std  ...      50%     75%     max
bill_length_mm     342.0    43.921930    5.459584  ...    44.45    48.5    59.6
bill_depth_mm      342.0    17.151170    1.974793  ...    17.30    18.7    21.5
flipper_length_mm  342.0   200.915205   14.061714  ...   197.00   213.0   231.0
body_mass_g        342.0  4201.754386  801.954536  ...  4050.00  4750.0  6300.0

[4 rows x 8 columns]
2026-09-15 19:59:13 | INFO | P04 | 
                   count         mean         std  ...      50%     75%     max
bill_length_mm     342.0    43.921930    5.459584  ...    44.45    48.5    59.6
bill_depth_mm      342.0    17.151170    1.974793  ...    17.30    18.7    21.5
flipper_length_mm  342.0   200.915205   14.061714  ...   197.00   213.0   231.0
body_mass_g        342.0  4201.754386  801.954536  ...  4050.00  4750.0  6300.0

[4 rows x 8 columns]
2026-09-15 19:59:13 | INFO | P04 | -------------------------------
2026-09-15 19:59:13 | INFO | P04 | 05. VISUALIZE distributions.
2026-09-15 19:59:13 | INFO | P04 | -------------------------------
2026-09-15 19:59:14 | INFO | P04 | -------------------------------
2026-09-15 19:59:14 | INFO | P04 | 06. EXPLORE relationships (e.g., between 2 numeric variables).
2026-09-15 19:59:14 | INFO | P04 | -------------------------------
2026-09-15 19:59:14 | INFO | P04 | Correlation between flipper_length_mm and body_mass_g: 0.871
2026-09-15 19:59:14 | INFO | P04 | Correlation between flipper_length_mm and body_mass_g: 0.871
2026-09-15 19:59:14 | INFO | P04 | -------------------------------
2026-09-15 19:59:14 | INFO | P04 | 07. SUMMARIZE what you found.
2026-09-15 19:59:14 | INFO | P04 | -------------------------------
2026-09-15 19:59:14 | INFO | P04 | CUSTOM OBSERVATIONS:
    The dataset contains penguin measurements.
    Some observations (rows) are complete, but some are missing values.

    I reviewed the relationship between:
    Flipper length vs. body mass
    and it shows a positive relationship.

    Based on this EDA, I would next like to review additional
    relationships between other numeric variables.
    Marimo (reactive notebook cells) might be a good choice
    for additional exploration.
    
2026-09-15 19:59:14 | INFO | P04 | -------------------------------
2026-09-15 19:59:14 | INFO | P04 | 08. DISPLAY the charts.
2026-09-15 19:59:14 | INFO | P04 | -------------------------------
2026-09-15 19:59:14 | INFO | P04 | In a script, call plt.show() at the end to display all charts.
2026-09-15 19:59:14 | INFO | P04 | Close all chart windows (with the close button) to continue.
2026-09-15 20:08:35 | INFO | EDA-NB | === RUN START ===
2026-09-15 20:08:35 | INFO | EDA-NB | project=EDA-NB
2026-09-15 20:08:35 | INFO | EDA-NB | repo_dir=datafun-04-eda
2026-09-15 20:08:35 | INFO | EDA-NB | python=3.14.7
2026-09-15 20:08:35 | INFO | EDA-NB | os=Windows 11
2026-09-15 20:08:35 | INFO | EDA-NB | shell=powershell
2026-09-15 20:08:35 | INFO | EDA-NB | cwd=notebooks
2026-09-15 20:08:35 | INFO | EDA-NB | github_actions=False
2026-09-15 20:08:35 | INFO | EDA-NB | Imports complete.
2026-09-15 20:08:41 | INFO | EDA-NB | Loading dataset: penguins
2026-09-15 20:08:41 | INFO | EDA-NB | Loaded: 344 rows, 7 columns
2026-09-15 20:08:45 | INFO | EDA-NB | Column names
2026-09-15 20:08:52 | INFO | EDA-NB | Dataset shape: 344 rows, 7 columns
2026-09-15 20:08:55 | INFO | EDA-NB | Building starter data dictionary
2026-09-15 20:08:55 | DEBUG | EDA-NB | 
              column    dtype  missing_count  missing_pct
0            species      str              0         0.00
1             island      str              0         0.00
2     bill_length_mm  float64              2         0.58
3      bill_depth_mm  float64              2         0.58
4  flipper_length_mm  float64              2         0.58
5        body_mass_g  float64              2         0.58
6                sex      str             11         3.20
2026-09-15 20:09:02 | DEBUG | EDA-NB | Columns required to be non-missing: ['bill_length_mm', 'bill_depth_mm', 'flipper_length_mm', 'body_mass_g', 'species']
2026-09-15 20:09:02 | INFO | EDA-NB | Original rows: 344
2026-09-15 20:09:02 | INFO | EDA-NB | Clean rows:    342
2026-09-15 20:09:02 | INFO | EDA-NB | Rows dropped:  2
2026-09-15 20:09:10 | INFO | EDA-NB | --------------- Manual statistics ---------------
2026-09-15 20:09:10 | INFO | EDA-NB | Body Mass Statistics (using numpy):
2026-09-15 20:09:10 | INFO | EDA-NB |   Mean: 4201.75 g
2026-09-15 20:09:10 | INFO | EDA-NB |   Std Dev: 800.78 g
2026-09-15 20:09:10 | INFO | EDA-NB |   Min: 2700.00 g
2026-09-15 20:09:10 | INFO | EDA-NB |   Max: 6300.00 g
2026-09-15 20:09:10 | INFO | EDA-NB |   Range: 3600.00 g
2026-09-15 20:09:16 | INFO | EDA-NB | --------------- Improving the output ---------------
2026-09-15 20:09:19 | INFO | EDA-NB | Computing correlation matrix for numeric columns
2026-09-15 20:09:19 | INFO | EDA-NB | 
Correlation matrix:
2026-09-15 20:09:19 | DEBUG | EDA-NB | 
                   bill_length_mm  bill_depth_mm  flipper_length_mm  body_mass_g
bill_length_mm           1.000000      -0.235053           0.656181     0.595110
bill_depth_mm           -0.235053       1.000000          -0.583851    -0.471916
flipper_length_mm        0.656181      -0.583851           1.000000     0.871202
body_mass_g              0.595110      -0.471916           0.871202     1.000000
2026-09-15 20:09:24 | INFO | EDA-NB | ---- Creating Scatter Plot to see Relationships ------
2026-09-15 20:09:24 | INFO | EDA-NB | ----   Use clean dataframe ---------------------------
2026-09-15 20:09:24 | INFO | EDA-NB | ----   Set x to flipper length -----------------------
2026-09-15 20:09:24 | INFO | EDA-NB | ----   Set y to bill length --------------------------
2026-09-15 20:09:24 | INFO | EDA-NB | ----   Set the hue (color mapping) to the group column --
2026-09-15 20:09:27 | INFO | EDA-NB | ========================
2026-09-15 20:09:27 | INFO | EDA-NB | SUMMARY
2026-09-15 20:09:27 | INFO | EDA-NB | ========================
2026-09-15 20:09:27 | INFO | EDA-NB | Dataset: penguins
2026-09-15 20:09:27 | INFO | EDA-NB | Original rows: 344
2026-09-15 20:09:27 | INFO | EDA-NB | Clean rows:    342
2026-09-15 20:09:27 | INFO | EDA-NB | Groups found in species: ['Adelie', 'Chinstrap', 'Gentoo']
2026-09-15 20:09:27 | INFO | EDA-NB | Strongest correlation: 
2026-09-15 20:09:27 | INFO | EDA-NB |   flipper_length_mm and body_mass_g (~0.87)
2026-09-15 20:09:27 | INFO | EDA-NB | Suggested next step: 
2026-09-15 20:09:27 | INFO | EDA-NB |   Model body_mass_g ~ flipper_length_mm with linear regression
2026-09-15 20:09:27 | INFO | EDA-NB | EDA workflow complete
2026-09-15 20:09:27 | INFO | EDA-NB | IMPORTANT: This script creates chart windows.
2026-09-15 20:09:27 | INFO | EDA-NB | Close any chart windows and terminate this process with CTRL+c as needed.
2026-09-15 20:09:27 | INFO | EDA-NB | ========================
2026-09-15 20:09:27 | INFO | EDA-NB | Executed successfully!
2026-09-15 20:09:27 | INFO | EDA-NB | ========================
2026-09-17 17:42:14 | INFO | P04 | === RUN START ===
2026-09-17 17:42:14 | INFO | P04 | project=P04 - EXPLORATORY DATA ANALYSIS
2026-09-17 17:42:14 | INFO | P04 | repo_dir=datafun-04-eda
2026-09-17 17:42:14 | INFO | P04 | python=3.14.7
2026-09-17 17:42:14 | INFO | P04 | os=Windows 11
2026-09-17 17:42:14 | INFO | P04 | shell=powershell
2026-09-17 17:42:14 | INFO | P04 | cwd=.
2026-09-17 17:42:14 | INFO | P04 | github_actions=False
2026-09-17 17:42:14 | INFO | P04 | ===================================
2026-09-17 17:42:14 | INFO | P04 | START main()
2026-09-17 17:42:14 | INFO | P04 | ===================================
2026-09-17 17:42:14 | INFO | P04 | -------------------------------
2026-09-17 17:42:14 | INFO | P04 | 01. LOAD the data.
2026-09-17 17:42:14 | INFO | P04 | -------------------------------
2026-09-17 17:42:14 | INFO | P04 | Loading Seaborn dataset: spotify
2026-09-17 17:46:09 | INFO | P04 | === RUN START ===
2026-09-17 17:46:09 | INFO | P04 | project=P04 - EXPLORATORY DATA ANALYSIS
2026-09-17 17:46:09 | INFO | P04 | repo_dir=datafun-04-eda
2026-09-17 17:46:09 | INFO | P04 | python=3.14.7
2026-09-17 17:46:09 | INFO | P04 | os=Windows 11
2026-09-17 17:46:09 | INFO | P04 | shell=powershell
2026-09-17 17:46:09 | INFO | P04 | cwd=.
2026-09-17 17:46:09 | INFO | P04 | github_actions=False
2026-09-17 17:46:09 | INFO | P04 | ===================================
2026-09-17 17:46:09 | INFO | P04 | START main()
2026-09-17 17:46:09 | INFO | P04 | ===================================
2026-09-17 17:46:09 | INFO | P04 | -------------------------------
2026-09-17 17:46:09 | INFO | P04 | 01. LOAD the data.
2026-09-17 17:46:09 | INFO | P04 | -------------------------------
2026-09-17 17:46:09 | INFO | P04 | Loading dataset: data\spotify.csv
2026-09-17 17:46:09 | INFO | P04 | -------------------------------
2026-09-17 17:46:09 | INFO | P04 | 02. INSPECT the data.
2026-09-17 17:46:09 | INFO | P04 | -------------------------------
2026-09-17 17:46:09 | DEBUG | P04 | 
DATA INSPECTION

Grain:
one song or track

Shape:
200 rows
11 columns

Columns:
['Track', 'Artist', 'Album', 'Genre', 'Duration (min)', 'Tempo (BPM)', 'Energy', 'Danceability', 'Loudness (dB)', 'Popularity', 'Streams (M)']

2026-09-17 17:46:09 | INFO | P04 | 
DATA INSPECTION

Grain:
one song or track

Shape:
200 rows
11 columns

Columns:
['Track', 'Artist', 'Album', 'Genre', 'Duration (min)', 'Tempo (BPM)', 'Energy', 'Danceability', 'Loudness (dB)', 'Popularity', 'Streams (M)']

2026-09-17 17:46:09 | INFO | P04 | -------------------------------
2026-09-17 17:46:09 | INFO | P04 | 03. CHECK data quality.
2026-09-17 17:46:09 | INFO | P04 | -------------------------------
2026-09-17 17:46:09 | DEBUG | P04 | 
            column    dtype  non_missing_count  missing_count  missing_pct  unique_count
0            Track      str                200              0          0.0           200
1           Artist      str                200              0          0.0            50
2            Album      str                200              0          0.0            93
3            Genre      str                200              0          0.0            10
4   Duration (min)  float64                200              0          0.0           142
5      Tempo (BPM)  float64                200              0          0.0           174
6           Energy  float64                200              0          0.0           194
7     Danceability  float64                200              0          0.0           199
8    Loudness (dB)  float64                200              0          0.0           178
9       Popularity    int64                200              0          0.0            75
10     Streams (M)  float64                200              0          0.0           179
2026-09-17 17:46:09 | INFO | P04 | 
            column    dtype  non_missing_count  missing_count  missing_pct  unique_count
0            Track      str                200              0          0.0           200
1           Artist      str                200              0          0.0            50
2            Album      str                200              0          0.0            93
3            Genre      str                200              0          0.0            10
4   Duration (min)  float64                200              0          0.0           142
5      Tempo (BPM)  float64                200              0          0.0           174
6           Energy  float64                200              0          0.0           194
7     Danceability  float64                200              0          0.0           199
8    Loudness (dB)  float64                200              0          0.0           178
9       Popularity    int64                200              0          0.0            75
10     Streams (M)  float64                200              0          0.0           179
2026-09-17 17:46:09 | DEBUG | P04 | 
Track             0
Artist            0
Album             0
Genre             0
Duration (min)    0
Tempo (BPM)       0
Energy            0
Danceability      0
Loudness (dB)     0
Popularity        0
Streams (M)       0
dtype: int64
2026-09-17 17:46:09 | INFO | P04 | 
Missing values:
Track             0
Artist            0
Album             0
Genre             0
Duration (min)    0
Tempo (BPM)       0
Energy            0
Danceability      0
Loudness (dB)     0
Popularity        0
Streams (M)       0
dtype: int64
2026-09-17 17:46:09 | INFO | P04 | Duplicate rows detected: 0
2026-09-17 17:46:09 | INFO | P04 | Duplicate rows: 0
2026-09-17 17:46:10 | INFO | P04 | -------------------------------
2026-09-17 17:46:10 | INFO | P04 | 04. DESCRIBE numeric variables.
2026-09-17 17:46:10 | INFO | P04 | -------------------------------
2026-09-17 17:46:10 | DEBUG | P04 | 
                count        mean         std      min        25%        50%         75%        max
Duration (min)  200.0    3.473100    0.761401   1.5000   2.990000    3.42000    4.007500     5.4000
Tempo (BPM)     200.0  113.895500   21.413665  67.6000  99.550000  114.10000  126.950000   178.1000
Energy          200.0    0.680481    0.183624   0.0618   0.568625    0.70120    0.817975     1.0000
Danceability    200.0    0.668082    0.153139   0.0100   0.582200    0.69945    0.774000     0.9368
Loudness (dB)   200.0   -5.763700    2.480922 -18.3200  -7.227500   -5.39000   -4.000000    -1.0000
Popularity      200.0   53.920000   20.031222   3.0000  39.000000   54.00000   70.000000    95.0000
Streams (M)     200.0  165.773550  290.454513   0.1000  10.000000   44.19500  192.160000  1842.1800
2026-09-17 17:46:10 | INFO | P04 | 
                count        mean         std      min        25%        50%         75%        max
Duration (min)  200.0    3.473100    0.761401   1.5000   2.990000    3.42000    4.007500     5.4000
Tempo (BPM)     200.0  113.895500   21.413665  67.6000  99.550000  114.10000  126.950000   178.1000
Energy          200.0    0.680481    0.183624   0.0618   0.568625    0.70120    0.817975     1.0000
Danceability    200.0    0.668082    0.153139   0.0100   0.582200    0.69945    0.774000     0.9368
Loudness (dB)   200.0   -5.763700    2.480922 -18.3200  -7.227500   -5.39000   -4.000000    -1.0000
Popularity      200.0   53.920000   20.031222   3.0000  39.000000   54.00000   70.000000    95.0000
Streams (M)     200.0  165.773550  290.454513   0.1000  10.000000   44.19500  192.160000  1842.1800
2026-09-17 17:46:10 | INFO | P04 | -------------------------------
2026-09-17 17:46:10 | INFO | P04 | 05. VISUALIZE distributions.
2026-09-17 17:46:10 | INFO | P04 | -------------------------------
2026-09-17 17:46:11 | INFO | P04 | -------------------------------
2026-09-17 17:46:11 | INFO | P04 | 06. EXPLORE relationships (e.g., between 2 numeric variables).
2026-09-17 17:46:11 | INFO | P04 | -------------------------------
2026-09-17 17:46:11 | INFO | P04 | Correlation between Popularity and Streams (M): 0.648
2026-09-17 17:46:11 | INFO | P04 | Correlation between Popularity and Streams (M): 0.648
2026-09-17 17:46:11 | INFO | P04 | -------------------------------
2026-09-17 17:46:11 | INFO | P04 | 07. SUMMARIZE what you found.
2026-09-17 17:46:11 | INFO | P04 | -------------------------------
2026-09-17 17:46:11 | INFO | P04 | CUSTOM OBSERVATIONS:
    The dataset contains penguin measurements.
    Some observations (rows) are complete, but some are missing values.

    I reviewed the relationship between:
    Flipper length vs. body mass
    and it shows a positive relationship.

    Based on this EDA, I would next like to review additional
    relationships between other numeric variables.
    Marimo (reactive notebook cells) might be a good choice
    for additional exploration.
    
2026-09-17 17:46:11 | INFO | P04 | -------------------------------
2026-09-17 17:46:11 | INFO | P04 | 08. DISPLAY the charts.
2026-09-17 17:46:11 | INFO | P04 | -------------------------------
2026-09-17 17:46:11 | INFO | P04 | In a script, call plt.show() at the end to display all charts.
2026-09-17 17:46:11 | INFO | P04 | Close all chart windows (with the close button) to continue.
